                                                                                
=> [38;5;200mFirst line of[m[38;5;200m quote [m[38;5;200mSecond[m[38;5;200m line[m[38;5;200m [m[38;5;200m [m[38;5;200m [m[38;5;200m [m[38;5;200m [m[38;5;200m [m[38;5;200m [m[38;5;200m [m[38;5;200m [m[38;5;200m [m[38;5;200m [m[38;5;200m [m[38;5;200m [m[38;5;200m [m[38;5;200m [m[38;5;200m [m[38;5;200m [m[38;5;200m [m[38;5;200m [m[38;5;200m [m[38;5;200m [m[38;5;200m [m[38;5;200m [m[38;5;200m [m[38;5;200m [m[38;5;200m [m[38;5;200m [m[38;5;200m [m[38;5;200m [m[38;5;200m [m[38;5;200m [m[38;5;200m [m[38;5;200m [m[38;5;200m [m[38;5;200m [m[38;5;200m [m[38;5;200m [m[38;5;200m [m[38;5;200m [m[38;5;200m [m[38;5;200m [m[38;5;200m [m[38;5;200m [m[38;5;200m [m[38;5;200m [m[38;5;200m [m[38;5;200m [m[38;5;200m[m
