
[38;5;247m[0m[38;5;247m[0m[38;5;247mThis is a code block.[0m
[0m