This text is [3memphasized[0m.                                                        
