                                                                                
[97;48;5;52m[0m[97;48;5;52m[0m[97;48;5;52m1[m[97;48;5;52m. [m[97;48;5;52mFirst[m[97;48;5;52m Item[m[97;48;5;52m [m[97;48;5;52m [m[97;48;5;52m [m[97;48;5;52m [m[97;48;5;52m [m[97;48;5;52m [m[97;48;5;52m [m[97;48;5;52m [m[97;48;5;52m [m[97;48;5;52m [m[97;48;5;52m [m[97;48;5;52m [m[97;48;5;52m [m[97;48;5;52m [m[97;48;5;52m [m[97;48;5;52m [m[97;48;5;52m [m[97;48;5;52m [m[97;48;5;52m [m[97;48;5;52m [m[97;48;5;52m [m[97;48;5;52m [m[97;48;5;52m [m[97;48;5;52m [m[97;48;5;52m [m[97;48;5;52m [m[97;48;5;52m [m[97;48;5;52m [m[97;48;5;52m [m[97;48;5;52m [m[97;48;5;52m [m[97;48;5;52m [m[97;48;5;52m [m[97;48;5;52m [m[97;48;5;52m [m[97;48;5;52m [m[97;48;5;52m [m[97;48;5;52m [m[97;48;5;52m [m[97;48;5;52m [m[97;48;5;52m [m[97;48;5;52m [m[97;48;5;52m [m[97;48;5;52m [m[97;48;5;52m [m[97;48;5;52m [m[97;48;5;52m [m[97;48;5;52m [m[97;48;5;52m [m[97;48;5;52m [m[97;48;5;52m [m[97;48;5;52m [m[97;48;5;52m [m[97;48;5;52m [m[97;48;5;52m [m[97;48;5;52m [m[97;48;5;52m [m[97;48;5;52m [m[97;48;5;52m [m[97;48;5;52m [m[97;48;5;52m [m[97;48;5;52m [m[97;48;5;52m [m[97;48;5;52m [m[97;48;5;52m [m[97;48;5;52m [m[97;48;5;52m [m[0m
[97;48;5;52m[0m[97;48;5;52m[m[97;48;5;52m[m[97;48;5;52m[m[97;48;5;52m[m[97;48;5;52m[0m[97;48;5;52m[m[97;48;5;52m[m[97;48;5;52m[m[97;48;5;52m[m[97;48;5;52m2[m[97;48;5;52m. [m[97;48;5;52mSecond[m[97;48;5;52m Item[m[97;48;5;52m [m[97;48;5;52m [m[97;48;5;52m [m[97;48;5;52m [m[97;48;5;52m [m[97;48;5;52m [m[97;48;5;52m [m[97;48;5;52m [m[97;48;5;52m [m[97;48;5;52m [m[97;48;5;52m [m[97;48;5;52m [m[97;48;5;52m [m[97;48;5;52m [m[97;48;5;52m [m[97;48;5;52m [m[97;48;5;52m [m[97;48;5;52m [m[97;48;5;52m [m[97;48;5;52m [m[97;48;5;52m [m[97;48;5;52m [m[97;48;5;52m [m[97;48;5;52m [m[97;48;5;52m [m[97;48;5;52m [m[97;48;5;52m [m[97;48;5;52m [m[97;48;5;52m [m[97;48;5;52m [m[97;48;5;52m [m[97;48;5;52m [m[97;48;5;52m [m[97;48;5;52m [m[97;48;5;52m [m[97;48;5;52m [m[97;48;5;52m [m[97;48;5;52m [m[97;48;5;52m [m[97;48;5;52m [m[97;48;5;52m [m[97;48;5;52m [m[97;48;5;52m [m[97;48;5;52m [m[97;48;5;52m [m[97;48;5;52m [m[97;48;5;52m [m[97;48;5;52m [m[97;48;5;52m [m[97;48;5;52m [m[97;48;5;52m [m[97;48;5;52m [m[97;48;5;52m [m[97;48;5;52m [m[97;48;5;52m [m[97;48;5;52m [m[97;48;5;52m [m[97;48;5;52m [m[97;48;5;52m [m[97;48;5;52m [m[97;48;5;52m [m[97;48;5;52m [m[97;48;5;52m [m[97;48;5;52m [m[97;48;5;52m [m[97;48;5;52m [m[0m
