[97;48;5;69;1m[0m[97;48;5;69;1m[0m[97;48;5;69;1m=> [0m[97;48;5;69;1mh1[0m[97;48;5;69;1m <=[0m
[97;48;5;57m[0m[97;48;5;57m[0m[97;48;5;57m## [0m[97;48;5;57mh2[0m
[97;48;5;57m[0m[97;48;5;57m[0m[97;48;5;57m### [0m[97;48;5;57mh3[0m