[90mImage[m [Image: [38;5;123mhttps://charm.sh/logo.png[m].                                       
