This is a [38;5;123;1mlink[0m ([38;5;123;4mhttps://charm.sh[0m).                                              
