This text is [1mstrong[0m.                                                            
