                                                                                
 Description                           â”‚ Link                                   
â”€â”€â”€â”€â”€â”€â”€â”€â”€â”€â”€â”€â”€â”€â”€â”€â”€â”€â”€â”€â”€â”€â”€â”€â”€â”€â”€â”€â”€â”€â”€â”€â”€â”€â”€â”€â”€â”€â”€â”¼â”€â”€â”€â”€â”€â”€â”€â”€â”€â”€â”€â”€â”€â”€â”€â”€â”€â”€â”€â”€â”€â”€â”€â”€â”€â”€â”€â”€â”€â”€â”€â”€â”€â”€â”€â”€â”€â”€  
 Issue                                 â”‚ [38;5;35;1mowner/repo#123[1][0m                      
 Issue                                 â”‚ [38;5;35;1mowner/repo#123[2][0m                      
 Issue Comment                         â”‚ [38;5;35;1mowner/repo#123 (comment)[3][0m            
 Issue Comment                         â”‚ [38;5;35;1mowner/repo#123 (comment)[4][0m            
 Pull Request                          â”‚ [38;5;35;1mowner/repo#123[5][0m                      
 Pull Request                          â”‚ [38;5;35;1mowner/repo#123[6][0m                      
 Pull Request Comment                  â”‚ [38;5;35;1mowner/repo#123 (comment)[7][0m            
 Pull Request Comment                  â”‚ [38;5;35;1mowner/repo#123 (comment)[8][0m            
 Pull Request Comment                  â”‚ [38;5;35;1mowner/repo#123 (comment)[9][0m            
 Pull Request Comment                  â”‚ [38;5;35;1mowner/repo#123 (comment)[10][0m           
 Pull Request Review                   â”‚ [38;5;35;1mowner/repo#123 (review)[11][0m            
 Pull Request Review                   â”‚ [38;5;35;1mowner/repo#123 (review)[12][0m            
 Discussion                            â”‚ [38;5;35;1mowner/repo#123[13][0m                     
 Discussion Comment                    â”‚ [38;5;35;1mowner/repo#123 (comment)[14][0m           
 Commit                                â”‚ [38;5;35;1mowner/repo@abcdefg[15][0m                 
 Commit                                â”‚ [38;5;35;1mowner/repo@abcdefg[16][0m                 
 Pull Request Commit                   â”‚ [38;5;35;1mowner/repo@abcdefg[17][0m                 
 Pull Request Commit                   â”‚ [38;5;35;1mowner/repo@abcdefg[18][0m                 
 Pull Request Commit                   â”‚ [38;5;35;1mowner/repo@abcdefg[19][0m                 
 Pull Request Commit                   â”‚ [38;5;35;1mowner/repo@abcdefg[20][0m                 
                                                                                
[38;5;35;1m[0m[38;5;35;1m [1]: owner/repo#123[0m [38;5;30;4mhttps://github.com/owner/repo/issue/123[0m                    
[38;5;35;1m[0m[38;5;35;1m [2]: owner/repo#123[0m [38;5;30;4mhttps://github.com/owner/repo/issues/123[0m                   
[38;5;35;1m[0m[38;5;35;1m [3]: owner/repo#123 (comment)[0m [38;5;30;4mhttps://github.com/owner/repo/issue/123#issuecomâ€¦[0m
[38;5;35;1m[0m[38;5;35;1m [4]: owner/repo#123 (comment)[0m [38;5;30;4mhttps://github.com/owner/repo/issues/123#issuecoâ€¦[0m
[38;5;35;1m[0m[38;5;35;1m [5]: owner/repo#123[0m [38;5;30;4mhttps://github.com/owner/repo/pull/123[0m                     
[38;5;35;1m[0m[38;5;35;1m [6]: owner/repo#123[0m [38;5;30;4mhttps://github.com/owner/repo/pulls/123[0m                    
[38;5;35;1m[0m[38;5;35;1m [7]: owner/repo#123 (comment)[0m [38;5;30;4mhttps://github.com/owner/repo/pull/123#issuecommâ€¦[0m
[38;5;35;1m[0m[38;5;35;1m [8]: owner/repo#123 (comment)[0m [38;5;30;4mhttps://github.com/owner/repo/pulls/123#issuecomâ€¦[0m
[38;5;35;1m[0m[38;5;35;1m [9]: owner/repo#123 (comment)[0m [38;5;30;4mhttps://github.com/owner/repo/pull/123#discussioâ€¦[0m
[38;5;35;1m[0m[38;5;35;1m[10]: owner/repo#123 (comment)[0m [38;5;30;4mhttps://github.com/owner/repo/pulls/123#discussiâ€¦[0m
[38;5;35;1m[0m[38;5;35;1m[11]: owner/repo#123 (review)[0m [38;5;30;4mhttps://github.com/owner/repo/pull/123#pullrequesâ€¦[0m
[38;5;35;1m[0m[38;5;35;1m[12]: owner/repo#123 (review)[0m [38;5;30;4mhttps://github.com/owner/repo/pulls/123#pullrequeâ€¦[0m
[38;5;35;1m[0m[38;5;35;1m[13]: owner/repo#123[0m [38;5;30;4mhttps://github.com/owner/repo/discussions/123[0m              
[38;5;35;1m[0m[38;5;35;1m[14]: owner/repo#123 (comment)[0m [38;5;30;4mhttps://github.com/owner/repo/discussions/123#diâ€¦[0m
[38;5;35;1m[0m[38;5;35;1m[15]: owner/repo@abcdefg[0m [38;5;30;4mhttps://github.com/owner/repo/commit/abcdefghijklmnopqâ€¦[0m
[38;5;35;1m[0m[38;5;35;1m[16]: owner/repo@abcdefg[0m [38;5;30;4mhttps://github.com/owner/repo/commit/abcdefghijklmnopqâ€¦[0m
[38;5;35;1m[0m[38;5;35;1m[17]: owner/repo@abcdefg[0m [38;5;30;4mhttps://github.com/owner/repo/pull/123/commits/abcdefgâ€¦[0m
[38;5;35;1m[0m[38;5;35;1m[18]: owner/repo@abcdefg[0m [38;5;30;4mhttps://github.com/owner/repo/pulls/123/commits/abcdefâ€¦[0m
[38;5;35;1m[0m[38;5;35;1m[19]: owner/repo@abcdefg[0m [38;5;30;4mhttps://github.com/owner/repo/pull/123/commits/abcdefgâ€¦[0m
[38;5;35;1m[0m[38;5;35;1m[20]: owner/repo@abcdefg[0m [38;5;30;4mhttps://github.com/owner/repo/pulls/123/commits/abcdefâ€¦[0m
