                                                                                
 Handle           â”‚ Description                        â”‚ Image                  
â”€â”€â”€â”€â”€â”€â”€â”€â”€â”€â”€â”€â”€â”€â”€â”€â”€â”€â”¼â”€â”€â”€â”€â”€â”€â”€â”€â”€â”€â”€â”€â”€â”€â”€â”€â”€â”€â”€â”€â”€â”€â”€â”€â”€â”€â”€â”€â”€â”€â”€â”€â”€â”€â”€â”€â”¼â”€â”€â”€â”€â”€â”€â”€â”€â”€â”€â”€â”€â”€â”€â”€â”€â”€â”€â”€â”€â”€â”€  
 [38;5;35;1m@andreynering[1][0m â”‚ Passionate engineer pushing the    â”‚ [38;5;243mImage: github.com[1][0m   
                  â”‚ boundaries of technology. Check    â”‚                        
                  â”‚ out Andrey's [38;5;35;1mGitHub projects[2][0m    â”‚                        
                  â”‚ and [38;5;35;1mpersonal blog[3][0m. Connect on   â”‚                        
                  â”‚ [38;5;35;1mTwitter[4][0m for tech insights.      â”‚                        
 [38;5;35;1m@aymanbagabas[5][0m â”‚ Open-source enthusiast and         â”‚ [38;5;243mImage: github.com[2][0m   
                  â”‚ innovative software engineer.      â”‚                        
                  â”‚ Explore Ayman's [38;5;35;1mGitHub[m             â”‚                        [0m
[0m[38;5;35;1m[m                  â”‚ [1;38;5;35mcontributions[6][0m and [38;5;35;1mtechnical[m     â”‚                        [0m
[0m[38;5;35;1m[m                  â”‚ [1;38;5;35mwritings[7][0m. Follow on [38;5;35;1mLinkedIn[8][0m â”‚                        
                  â”‚ for professional updates.          â”‚                        
 [38;5;35;1m@bashbunni[9][0m    â”‚ Creative developer with a passion  â”‚ [38;5;243mImage: github.com[3][0m   
                  â”‚ for cutting-edge technologies.     â”‚                        
                  â”‚ Dive into Bash's [38;5;35;1mGitHub[m            â”‚                        [0m
[0m[38;5;35;1m[m                  â”‚ [1;38;5;35mrepositories[10][0m and [38;5;35;1mdev[m           â”‚                        [0m
[0m[38;5;35;1m[m                  â”‚ [1;38;5;35mportfolio[11][0m. Engage on           â”‚                        
                  â”‚ [38;5;35;1mTwitter[12][0m for tech discussions.  â”‚                        
 [38;5;35;1m@caarlos0[13][0m    â”‚ Innovative engineering leader and  â”‚ [38;5;243mImage: github.com[4][0m   
                  â”‚ open-source contributor. Discover  â”‚                        
                  â”‚ Carlos's [38;5;35;1mGitHub projects[14][0m and   â”‚                        
                  â”‚ [38;5;35;1mtechnical blog[15][0m. Connect on     â”‚                        
                  â”‚ [38;5;35;1mLinkedIn[16][0m for professional      â”‚                        
                  â”‚ networking.                        â”‚                        
 [38;5;35;1m@meowgorithm[17][0m â”‚ Product visionary bridging         â”‚ [38;5;243mImage: github.com[5][0m   
                  â”‚ technology and user experience.    â”‚                        
                  â”‚ Explore Christian's [38;5;35;1mGitHub[m         â”‚                        [0m
[0m[38;5;35;1m[m                  â”‚ [1;38;5;35mprofile[18][0m and [38;5;35;1mpersonal[m           â”‚                        [0m
[0m[38;5;35;1m[m                  â”‚ [1;38;5;35mwebsite[19][0m. Follow on [38;5;35;1mTwitter[20][0m â”‚                        
                  â”‚ for product insights.              â”‚                        
 [38;5;35;1m@raphamorim[21][0m  â”‚ Ambitious intern making waves in   â”‚ [38;5;243mImage: github.com[6][0m   
                  â”‚ the tech world. Check out Rapha's  â”‚                        
                  â”‚ [38;5;35;1mGitHub repositories[22][0m and        â”‚                        
                  â”‚ [38;5;35;1mgrowing portfolio[23][0m. Connect on  â”‚                        
                  â”‚ [38;5;35;1mLinkedIn[24][0m for emerging talent.  â”‚                        
                                                                                
[38;5;35;1m[0m[38;5;35;1m[1]: @andreynering[0m [38;5;30;4mhttps://github.com/andreynering[0m                              
[38;5;35;1m[0m[38;5;35;1m[2]: GitHub projects[0m [38;5;30;4mhttps://github.com/andreynering[0m                            
[38;5;35;1m[0m[38;5;35;1m[3]: personal blog[0m [38;5;30;4mhttps://andreynering.dev[0m                                     
[38;5;35;1m[0m[38;5;35;1m[4]: Twitter[0m [38;5;30;4mhttps://twitter.com/andreynering[0m                                   
[38;5;35;1m[0m[38;5;35;1m[5]: @aymanbagabas[0m [38;5;30;4mhttps://github.com/aymanbagabas[0m                              
[38;5;35;1m[0m[38;5;35;1m[6]: GitHub contributions[0m [38;5;30;4mhttps://github.com/aymanbagabas[0m                       
[38;5;35;1m[0m[38;5;35;1m[7]: technical writings[0m [38;5;30;4mhttps://aymanbagabas.medium.com[0m                         
[38;5;35;1m[0m[38;5;35;1m[8]: LinkedIn[0m [38;5;30;4mhttps://www.linkedin.com/in/aymanbagabas[0m                          
[38;5;35;1m[0m[38;5;35;1m[9]: @bashbunni[0m [38;5;30;4mhttps://github.com/bashbunni[0m                                    
[38;5;35;1m[0m[38;5;35;1m[10]: GitHub repositories[0m [38;5;30;4mhttps://github.com/bashbunni[0m                          
[38;5;35;1m[0m[38;5;35;1m[11]: dev portfolio[0m [38;5;30;4mhttps://bashbunni.dev[0m                                       
[38;5;35;1m[0m[38;5;35;1m[12]: Twitter[0m [38;5;30;4mhttps://twitter.com/bashbunni[0m                                     
[38;5;35;1m[0m[38;5;35;1m[13]: @caarlos0[0m [38;5;30;4mhttps://github.com/caarlos0[0m                                     
[38;5;35;1m[0m[38;5;35;1m[14]: GitHub projects[0m [38;5;30;4mhttps://github.com/caarlos0[0m                               
[38;5;35;1m[0m[38;5;35;1m[15]: technical blog[0m [38;5;30;4mhttps://caarlos0.dev[0m                                       
[38;5;35;1m[0m[38;5;35;1m[16]: LinkedIn[0m [38;5;30;4mhttps://www.linkedin.com/in/caarlos0[0m                             
[38;5;35;1m[0m[38;5;35;1m[17]: @meowgorithm[0m [38;5;30;4mhttps://github.com/meowgorithm[0m                               
[38;5;35;1m[0m[38;5;35;1m[18]: GitHub profile[0m [38;5;30;4mhttps://github.com/meowgorithm[0m                             
[38;5;35;1m[0m[38;5;35;1m[19]: personal website[0m [38;5;30;4mhttps://meowgorithm.com[0m                                  
[38;5;35;1m[0m[38;5;35;1m[20]: Twitter[0m [38;5;30;4mhttps://twitter.com/meowgorithm[0m                                   
[38;5;35;1m[0m[38;5;35;1m[21]: @raphamorim[0m [38;5;30;4mhttps://github.com/raphamorim[0m                                 
[38;5;35;1m[0m[38;5;35;1m[22]: GitHub repositories[0m [38;5;30;4mhttps://github.com/raphamorim[0m                         
[38;5;35;1m[0m[38;5;35;1m[23]: growing portfolio[0m [38;5;30;4mhttps://raphamorim.dev[0m                                  
[38;5;35;1m[0m[38;5;35;1m[24]: LinkedIn[0m [38;5;30;4mhttps://www.linkedin.com/in/raphamorim[0m                           
                                                                                
[38;5;243m[0m[38;5;243m[1]: [0m[38;5;243mImage: github.com â†’[0m [38;5;212;4mhttps://github.com/andreynering.png[0m                    
[38;5;243m[0m[38;5;243m[2]: [0m[38;5;243mImage: github.com â†’[0m [38;5;212;4mhttps://github.com/aymanbagabas.png[0m                    
[38;5;243m[0m[38;5;243m[3]: [0m[38;5;243mImage: github.com â†’[0m [38;5;212;4mhttps://github.com/bashbunni.png[0m                       
[38;5;243m[0m[38;5;243m[4]: [0m[38;5;243mImage: github.com â†’[0m [38;5;212;4mhttps://github.com/caarlos0.png[0m                        
[38;5;243m[0m[38;5;243m[5]: [0m[38;5;243mImage: github.com â†’[0m [38;5;212;4mhttps://github.com/meowgorithm.png[0m                     
[38;5;243m[0m[38;5;243m[6]: [0m[38;5;243mImage: github.com â†’[0m [38;5;212;4mhttps://github.com/raphamorim.png[0m                      
