                                                                                
 Name                     â”‚ Role                    â”‚ Handle                    
â”€â”€â”€â”€â”€â”€â”€â”€â”€â”€â”€â”€â”€â”€â”€â”€â”€â”€â”€â”€â”€â”€â”€â”€â”€â”€â”¼â”€â”€â”€â”€â”€â”€â”€â”€â”€â”€â”€â”€â”€â”€â”€â”€â”€â”€â”€â”€â”€â”€â”€â”€â”€â”¼â”€â”€â”€â”€â”€â”€â”€â”€â”€â”€â”€â”€â”€â”€â”€â”€â”€â”€â”€â”€â”€â”€â”€â”€â”€  
 Andrey                   â”‚ Engineering             â”‚ [38;5;35;1m@andreynering[0m             
 Ayman                    â”‚ Engineering             â”‚ [38;5;35;1m@aymanbagabas[0m             
 Bash                     â”‚ Engineering             â”‚ [38;5;35;1m@bashbunni[0m                
 Carlos                   â”‚ Engineering             â”‚ [38;5;35;1m@caarlos0[0m                 
 Christian                â”‚ Product                 â”‚ [38;5;35;1m@meowgorithm[0m              
 Rapha                    â”‚ Intern                  â”‚ [38;5;35;1m@raphamorim[0m               
                                                                                
[38;5;35;1m[0m[38;5;35;1m[1]: @andreynering[0m [38;5;30;4mhttps://github.com/andreynering[0m                              
[38;5;35;1m[0m[38;5;35;1m[2]: @aymanbagabas[0m [38;5;30;4mhttps://github.com/aymanbagabas[0m                              
[38;5;35;1m[0m[38;5;35;1m[3]: @bashbunni[0m [38;5;30;4mhttps://github.com/bashbunni[0m                                    
[38;5;35;1m[0m[38;5;35;1m[4]: @caarlos0[0m [38;5;30;4mhttps://github.com/caarlos0[0m                                      
[38;5;35;1m[0m[38;5;35;1m[5]: @meowgorithm[0m [38;5;30;4mhttps://github.com/meowgorithm[0m                                
[38;5;35;1m[0m[38;5;35;1m[6]: @raphamorim[0m [38;5;30;4mhttps://github.com/raphamorim[0m                                  
