                                                                                
Label             │Value           │URL                                         
──────────────────┼────────────────┼────────────────────────────────────────────
First             │foo             │https://charm.sh https://charm.sh           
Second            │bar             │https://charm.sh https://charm.sh           
