                                                                                
 Name                     â”‚ Role                    â”‚ Handle                    
â”€â”€â”€â”€â”€â”€â”€â”€â”€â”€â”€â”€â”€â”€â”€â”€â”€â”€â”€â”€â”€â”€â”€â”€â”€â”€â”¼â”€â”€â”€â”€â”€â”€â”€â”€â”€â”€â”€â”€â”€â”€â”€â”€â”€â”€â”€â”€â”€â”€â”€â”€â”€â”¼â”€â”€â”€â”€â”€â”€â”€â”€â”€â”€â”€â”€â”€â”€â”€â”€â”€â”€â”€â”€â”€â”€â”€â”€â”€  
 Andrey                   â”‚ Engineering             â”‚ [38;5;35;1mgithub.com[1][0m             
 Ayman                    â”‚ Engineering             â”‚ [38;5;35;1mgithub.com[2][0m             
 Bash                     â”‚ Engineering             â”‚ [38;5;35;1mgithub.com[3][0m             
 Carlos                   â”‚ Engineering             â”‚ [38;5;35;1mgithub.com[4][0m             
 Christian                â”‚ Product                 â”‚ [38;5;35;1mgithub.com[5][0m             
 Rapha                    â”‚ Intern                  â”‚ [38;5;35;1mgithub.com[6][0m             
                                                                                
[38;5;35;1m[0m[38;5;35;1mgithub.com[1][0m [38;5;30;4mhttps://github.com/andreynering[0m                                   
[38;5;35;1m[0m[38;5;35;1mgithub.com[2][0m [38;5;30;4mhttps://github.com/aymanbagabas[0m                                   
[38;5;35;1m[0m[38;5;35;1mgithub.com[3][0m [38;5;30;4mhttps://github.com/bashbunni[0m                                      
[38;5;35;1m[0m[38;5;35;1mgithub.com[4][0m [38;5;30;4mhttps://github.com/caarlos0[0m                                       
[38;5;35;1m[0m[38;5;35;1mgithub.com[5][0m [38;5;30;4mhttps://github.com/meowgorithm[0m                                    
[38;5;35;1m[0m[38;5;35;1mgithub.com[6][0m [38;5;30;4mhttps://github.com/raphamorim[0m                                     
