                                                                                
 Name              â”‚ Role              â”‚ Handle           â”‚ Image               
â”€â”€â”€â”€â”€â”€â”€â”€â”€â”€â”€â”€â”€â”€â”€â”€â”€â”€â”€â”¼â”€â”€â”€â”€â”€â”€â”€â”€â”€â”€â”€â”€â”€â”€â”€â”€â”€â”€â”€â”¼â”€â”€â”€â”€â”€â”€â”€â”€â”€â”€â”€â”€â”€â”€â”€â”€â”€â”€â”¼â”€â”€â”€â”€â”€â”€â”€â”€â”€â”€â”€â”€â”€â”€â”€â”€â”€â”€â”€  
 Andrey            â”‚ Engineering       â”‚ [38;5;35;1m@andreynering[0m    â”‚ [38;5;243mImage: github.com[0m   
 Ayman             â”‚ Engineering       â”‚ [38;5;35;1m@aymanbagabas[0m    â”‚ [38;5;243mImage: github.com[0m   
 Bash              â”‚ Engineering       â”‚ [38;5;35;1m@bashbunni[0m       â”‚ [38;5;243mImage: github.com[0m   
 Carlos            â”‚ Engineering       â”‚ [38;5;35;1m@caarlos0[0m        â”‚ [38;5;243mImage: github.com[0m   
 Christian         â”‚ Product           â”‚ [38;5;35;1m@meowgorithm[0m     â”‚ [38;5;243mImage: github.com[0m   
 Rapha             â”‚ Intern            â”‚ [38;5;35;1m@raphamorim[0m      â”‚ [38;5;243mImage: github.com[0m   
                                                                                
[38;5;35;1m[0m[38;5;35;1m[1]: @andreynering[0m [38;5;30;4mhttps://github.com/andreynering[0m                              
[38;5;35;1m[0m[38;5;35;1m[2]: @aymanbagabas[0m [38;5;30;4mhttps://github.com/aymanbagabas[0m                              
[38;5;35;1m[0m[38;5;35;1m[3]: @bashbunni[0m [38;5;30;4mhttps://github.com/bashbunni[0m                                    
[38;5;35;1m[0m[38;5;35;1m[4]: @caarlos0[0m [38;5;30;4mhttps://github.com/caarlos0[0m                                      
[38;5;35;1m[0m[38;5;35;1m[5]: @meowgorithm[0m [38;5;30;4mhttps://github.com/meowgorithm[0m                                
[38;5;35;1m[0m[38;5;35;1m[6]: @raphamorim[0m [38;5;30;4mhttps://github.com/raphamorim[0m                                  
                                                                                
[38;5;243m[0m[38;5;243m[1]: [0m[38;5;243mImage: github.com â†’[0m [38;5;212;4mhttps://github.com/andreynering.png[0m                    
[38;5;243m[0m[38;5;243m[2]: [0m[38;5;243mImage: github.com â†’[0m [38;5;212;4mhttps://github.com/aymanbagabas.png[0m                    
[38;5;243m[0m[38;5;243m[3]: [0m[38;5;243mImage: github.com â†’[0m [38;5;212;4mhttps://github.com/bashbunni.png[0m                       
[38;5;243m[0m[38;5;243m[4]: [0m[38;5;243mImage: github.com â†’[0m [38;5;212;4mhttps://github.com/caarlos0.png[0m                        
[38;5;243m[0m[38;5;243m[5]: [0m[38;5;243mImage: github.com â†’[0m [38;5;212;4mhttps://github.com/meowgorithm.png[0m                     
[38;5;243m[0m[38;5;243m[6]: [0m[38;5;243mImage: github.com â†’[0m [38;5;212;4mhttps://github.com/raphamorim.png[0m                      
