                                                                                
 Name          â”‚ Role         â”‚ Handle                                          
â”€â”€â”€â”€â”€â”€â”€â”€â”€â”€â”€â”€â”€â”€â”€â”¼â”€â”€â”€â”€â”€â”€â”€â”€â”€â”€â”€â”€â”€â”€â”¼â”€â”€â”€â”€â”€â”€â”€â”€â”€â”€â”€â”€â”€â”€â”€â”€â”€â”€â”€â”€â”€â”€â”€â”€â”€â”€â”€â”€â”€â”€â”€â”€â”€â”€â”€â”€â”€â”€â”€â”€â”€â”€â”€â”€â”€â”€â”€  
 Andrey        â”‚ Engineering  â”‚ ]8;id=3120761547;https://github.com/andreynering[38;5;35;1m@andreynering[m]8;; [38;5;30;4m]8;id=3120761547;https://github.com/andreyneringhttps://github.com/andreynering]8;;[m   
 Ayman         â”‚ Engineering  â”‚ ]8;id=1442538212;https://github.com/aymanbagabas[38;5;35;1m@aymanbagabas[m]8;; [38;5;30;4m]8;id=1442538212;https://github.com/aymanbagabashttps://github.com/aymanbagabas]8;;[m   
 Bash          â”‚ Engineering  â”‚ ]8;id=3816660571;https://github.com/bashbunni[38;5;35;1m@bashbunni[m]8;; [38;5;30;4m]8;id=3816660571;https://github.com/bashbunnihttps://github.com/bashbunni]8;;[m         
 Carlos        â”‚ Engineering  â”‚ ]8;id=524628778;https://github.com/caarlos0[38;5;35;1m@caarlos0[m]8;; [38;5;30;4m]8;id=524628778;https://github.com/caarlos0https://github.com/caarlos0]8;;[m           
 Christian     â”‚ Product      â”‚ ]8;id=2254910767;https://github.com/meowgorithm[38;5;35;1m@meowgorithm[m]8;; [38;5;30;4m]8;id=2254910767;https://github.com/meowgorithmhttps://github.com/meowgorithm]8;;[m     
 Rapha         â”‚ Intern       â”‚ ]8;id=3798566599;https://github.com/raphamorim[38;5;35;1m@raphamorim[m]8;; [38;5;30;4m]8;id=3798566599;https://github.com/raphamorimhttps://github.com/raphamorim]8;;[m       
