[97;48;5;18mLorem ipsum dolor sit amet, consectetur adipiscing elit, sed do eiusmod tempor i[m
[97;48;5;18mncididunt ut labore et dolore magna[m[97;48;5;18m aliqua.[m[97;48;5;18m [m[97;48;5;18m [m[97;48;5;18m [m[97;48;5;18m [m[97;48;5;18m [m[97;48;5;18m [m[97;48;5;18m [m[97;48;5;18m [m[97;48;5;18m [m[97;48;5;18m [m[97;48;5;18m [m[97;48;5;18m [m[97;48;5;18m [m[97;48;5;18m [m[97;48;5;18m [m[97;48;5;18m [m[97;48;5;18m [m[97;48;5;18m [m[97;48;5;18m [m[97;48;5;18m [m[97;48;5;18m [m[97;48;5;18m [m[97;48;5;18m [m[97;48;5;18m [m[97;48;5;18m [m[97;48;5;18m [m[97;48;5;18m [m[97;48;5;18m [m[97;48;5;18m [m[97;48;5;18m [m[97;48;5;18m [m[97;48;5;18m [m[97;48;5;18m [m[97;48;5;18m [m[97;48;5;18m [m[97;48;5;18m [m[97;48;5;18m [m
[97;48;5;18m [m[97;48;5;18m [m[97;48;5;18m [m[97;48;5;18m [m[97;48;5;18m [m[97;48;5;18m [m[97;48;5;18m [m[97;48;5;18m [m[97;48;5;18m [m[97;48;5;18m [m[97;48;5;18m [m[97;48;5;18m [m[97;48;5;18m [m[97;48;5;18m [m[97;48;5;18m [m[97;48;5;18m [m[97;48;5;18m [m[97;48;5;18m [m[97;48;5;18m [m[97;48;5;18m [m[97;48;5;18m [m[97;48;5;18m [m[97;48;5;18m [m[97;48;5;18m [m[97;48;5;18m [m[97;48;5;18m [m[97;48;5;18m [m[97;48;5;18m [m[97;48;5;18m [m[97;48;5;18m [m[97;48;5;18m [m[97;48;5;18m [m[97;48;5;18m [m[97;48;5;18m [m[97;48;5;18m [m[97;48;5;18m [m[97;48;5;18m [m[97;48;5;18m [m[97;48;5;18m [m[97;48;5;18m [m[97;48;5;18m [m[97;48;5;18m [m[97;48;5;18m [m[97;48;5;18m [m[97;48;5;18m [m[97;48;5;18m [m[97;48;5;18m [m[97;48;5;18m [m[97;48;5;18m [m[97;48;5;18m [m[97;48;5;18m [m[97;48;5;18m [m[97;48;5;18m [m[97;48;5;18m [m[97;48;5;18m [m[97;48;5;18m [m[97;48;5;18m [m[97;48;5;18m [m[97;48;5;18m [m[97;48;5;18m [m[97;48;5;18m [m[97;48;5;18m [m[97;48;5;18m [m[97;48;5;18m [m[97;48;5;18m [m[97;48;5;18m [m[97;48;5;18m [m[97;48;5;18m [m[97;48;5;18m [m[97;48;5;18m [m[97;48;5;18m [m[97;48;5;18m [m[97;48;5;18m [m[97;48;5;18m [m[97;48;5;18m [m[97;48;5;18m [m[97;48;5;18m [m[97;48;5;18m [m[97;48;5;18m [m[97;48;5;18m [m
[48;5;18m [m[48;5;18m[97;48;5;18mLANGUAGE[m[m[48;5;18m                [m[48;5;18m [m[48;5;18m‚îÇ[m[48;5;18m [m[48;5;18m[97;48;5;18mFORMAL[m[m[48;5;18m                  [m[48;5;18m [m[48;5;18m‚îÇ[m[48;5;18m [m[48;5;18m[97;48;5;18mINFORMAL[m[m[48;5;18m                [m[48;5;18m [m
[48;5;18m‚îÄ‚îÄ‚îÄ‚îÄ‚îÄ‚îÄ‚îÄ‚îÄ‚îÄ‚îÄ‚îÄ‚îÄ‚îÄ‚îÄ‚îÄ‚îÄ‚îÄ‚îÄ‚îÄ‚îÄ‚îÄ‚îÄ‚îÄ‚îÄ‚îÄ‚îÄ[m[48;5;18m‚îº[m[48;5;18m‚îÄ‚îÄ‚îÄ‚îÄ‚îÄ‚îÄ‚îÄ‚îÄ‚îÄ‚îÄ‚îÄ‚îÄ‚îÄ‚îÄ‚îÄ‚îÄ‚îÄ‚îÄ‚îÄ‚îÄ‚îÄ‚îÄ‚îÄ‚îÄ‚îÄ‚îÄ[m[48;5;18m‚îº[m[48;5;18m‚îÄ‚îÄ‚îÄ‚îÄ‚îÄ‚îÄ‚îÄ‚îÄ‚îÄ‚îÄ‚îÄ‚îÄ‚îÄ‚îÄ‚îÄ‚îÄ‚îÄ‚îÄ‚îÄ‚îÄ‚îÄ‚îÄ‚îÄ‚îÄ‚îÄ‚îÄ[m
[48;5;18m [m[48;5;18m[97;48;5;18mChinese[m[m[48;5;18m                 [m[48;5;18m [m[48;5;18m‚îÇ[m[48;5;18m [m[48;5;18m[97;48;5;18mN«ên[m[97;48;5;18m h«éo[m[m[48;5;18m                 [m[48;5;18m [m[48;5;18m‚îÇ[m[48;5;18m [m[48;5;18m[97;48;5;18mN«ê[m[97;48;5;18m h«éo[m[m[48;5;18m                  [m[48;5;18m [m
[48;5;18m [m[48;5;18m[97;48;5;18mFrench[m[m[48;5;18m                  [m[48;5;18m [m[48;5;18m‚îÇ[m[48;5;18m [m[48;5;18m[97;48;5;18mBonjour[m[m[48;5;18m                 [m[48;5;18m [m[48;5;18m‚îÇ[m[48;5;18m [m[48;5;18m[97;48;5;18mSalut[m[m[48;5;18m                   [m[48;5;18m [m
[48;5;18m [m[48;5;18m[97;48;5;18mRussian[m[m[48;5;18m                 [m[48;5;18m [m[48;5;18m‚îÇ[m[48;5;18m [m[48;5;18m[97;48;5;18mZdravstvuyte[m[m[48;5;18m            [m[48;5;18m [m[48;5;18m‚îÇ[m[48;5;18m [m[48;5;18m[97;48;5;18mPrivet[m[m[48;5;18m                  [m[48;5;18m [m
[48;5;18m [m[48;5;18m[97;48;5;18mSpanish[m[m[48;5;18m                 [m[48;5;18m [m[48;5;18m‚îÇ[m[48;5;18m [m[48;5;18m[97;48;5;18mHola[m[m[48;5;18m                    [m[48;5;18m [m[48;5;18m‚îÇ[m[48;5;18m [m[48;5;18m[97;48;5;18m¬øQu√©[m[97;48;5;18m tal?[m[m[48;5;18m               [m[48;5;18m [m
[97;48;5;18m [m[97;48;5;18m [m[97;48;5;18m [m[97;48;5;18m [m[97;48;5;18m [m[97;48;5;18m [m[97;48;5;18m [m[97;48;5;18m [m[97;48;5;18m [m[97;48;5;18m [m[97;48;5;18m [m[97;48;5;18m [m[97;48;5;18m [m[97;48;5;18m [m[97;48;5;18m [m[97;48;5;18m [m[97;48;5;18m [m[97;48;5;18m [m[97;48;5;18m [m[97;48;5;18m [m[97;48;5;18m [m[97;48;5;18m [m[97;48;5;18m [m[97;48;5;18m [m[97;48;5;18m [m[97;48;5;18m [m[97;48;5;18m [m[97;48;5;18m [m[97;48;5;18m [m[97;48;5;18m [m[97;48;5;18m [m[97;48;5;18m [m[97;48;5;18m [m[97;48;5;18m [m[97;48;5;18m [m[97;48;5;18m [m[97;48;5;18m [m[97;48;5;18m [m[97;48;5;18m [m[97;48;5;18m [m[97;48;5;18m [m[97;48;5;18m [m[97;48;5;18m [m[97;48;5;18m [m[97;48;5;18m [m[97;48;5;18m [m[97;48;5;18m [m[97;48;5;18m [m[97;48;5;18m [m[97;48;5;18m [m[97;48;5;18m [m[97;48;5;18m [m[97;48;5;18m [m[97;48;5;18m [m[97;48;5;18m [m[97;48;5;18m [m[97;48;5;18m [m[97;48;5;18m [m[97;48;5;18m [m[97;48;5;18m [m[97;48;5;18m [m[97;48;5;18m [m[97;48;5;18m [m[97;48;5;18m [m[97;48;5;18m [m[97;48;5;18m [m[97;48;5;18m [m[97;48;5;18m [m[97;48;5;18m [m[97;48;5;18m [m[97;48;5;18m [m[97;48;5;18m [m[97;48;5;18m [m[97;48;5;18m [m[97;48;5;18m [m[97;48;5;18m [m[97;48;5;18m [m[97;48;5;18m [m[97;48;5;18m [m[97;48;5;18m [m
[97;48;5;18mUt enim ad minim veniam, quis nostrud exercitation ullamco laboris nisi ut aliqu[m
[97;48;5;18mip ex ea commodo[m[97;48;5;18m consequat.[m[97;48;5;18m [m[97;48;5;18m [m[97;48;5;18m [m[97;48;5;18m [m[97;48;5;18m [m[97;48;5;18m [m[97;48;5;18m [m[97;48;5;18m [m[97;48;5;18m [m[97;48;5;18m [m[97;48;5;18m [m[97;48;5;18m [m[97;48;5;18m [m[97;48;5;18m [m[97;48;5;18m [m[97;48;5;18m [m[97;48;5;18m [m[97;48;5;18m [m[97;48;5;18m [m[97;48;5;18m [m[97;48;5;18m [m[97;48;5;18m [m[97;48;5;18m [m[97;48;5;18m [m[97;48;5;18m [m[97;48;5;18m [m[97;48;5;18m [m[97;48;5;18m [m[97;48;5;18m [m[97;48;5;18m [m[97;48;5;18m [m[97;48;5;18m [m[97;48;5;18m [m[97;48;5;18m [m[97;48;5;18m [m[97;48;5;18m [m[97;48;5;18m [m[97;48;5;18m [m[97;48;5;18m [m[97;48;5;18m [m[97;48;5;18m [m[97;48;5;18m [m[97;48;5;18m [m[97;48;5;18m [m[97;48;5;18m [m[97;48;5;18m [m[97;48;5;18m [m[97;48;5;18m [m[97;48;5;18m [m[97;48;5;18m [m[97;48;5;18m [m[97;48;5;18m [m[97;48;5;18m [m
