                                                                                
 Name                     │ Role                    │ Handle                    
──────────────────────────┼─────────────────────────┼─────────────────────────  
 Andrey                   │ Engineering             │ @andreynering[1]          
 Ayman                    │ Engineering             │ @aymanbagabas[2]          
 Bash                     │ Engineering             │ @bashbunni[3]             
 Carlos                   │ Engineering             │ @caarlos0[4]              
 Christian                │ Product                 │ @meowgorithm[5]           
 Rapha                    │ Intern                  │ @raphamorim[6]            
                                                                                
[1]: @andreynering https://github.com/andreynering                              
[2]: @aymanbagabas https://github.com/aymanbagabas                              
[3]: @bashbunni https://github.com/bashbunni                                    
[4]: @caarlos0 https://github.com/caarlos0                                      
[5]: @meowgorithm https://github.com/meowgorithm                                
[6]: @raphamorim https://github.com/raphamorim                                  
