                                                                                
 Word                                  â”‚ Link                                   
â”€â”€â”€â”€â”€â”€â”€â”€â”€â”€â”€â”€â”€â”€â”€â”€â”€â”€â”€â”€â”€â”€â”€â”€â”€â”€â”€â”€â”€â”€â”€â”€â”€â”€â”€â”€â”€â”€â”€â”¼â”€â”€â”€â”€â”€â”€â”€â”€â”€â”€â”€â”€â”€â”€â”€â”€â”€â”€â”€â”€â”€â”€â”€â”€â”€â”€â”€â”€â”€â”€â”€â”€â”€â”€â”€â”€â”€â”€  
 foo                                   â”‚ [38;5;35;1mlink[0m                                   
 bar                                   â”‚ [38;5;35;1mlink[0m                                   
 baz                                   â”‚ [38;5;35;1mlink[0m                                   
                                                                                
[38;5;35;1m[0m[38;5;35;1mlink[0m [38;5;30;4mhttps://www.pudim.com.br[0m                                                   
