                                                                                
 Name             â”‚ Role             â”‚ Handle          â”‚ Image                  
â”€â”€â”€â”€â”€â”€â”€â”€â”€â”€â”€â”€â”€â”€â”€â”€â”€â”€â”¼â”€â”€â”€â”€â”€â”€â”€â”€â”€â”€â”€â”€â”€â”€â”€â”€â”€â”€â”¼â”€â”€â”€â”€â”€â”€â”€â”€â”€â”€â”€â”€â”€â”€â”€â”€â”€â”¼â”€â”€â”€â”€â”€â”€â”€â”€â”€â”€â”€â”€â”€â”€â”€â”€â”€â”€â”€â”€â”€â”€  
 Andrey           â”‚ Engineering      â”‚ [38;5;35;1m@andreynering[0m   â”‚ [38;5;243mImage: GitHub avatar[0m   
 Ayman            â”‚ Engineering      â”‚ [38;5;35;1m@aymanbagabas[0m   â”‚ [38;5;243mImage: GitHub avatar[0m   
 Bash             â”‚ Engineering      â”‚ [38;5;35;1m@bashbunni[0m      â”‚ [38;5;243mImage: GitHub avatar[0m   
 Carlos           â”‚ Engineering      â”‚ [38;5;35;1m@caarlos0[0m       â”‚ [38;5;243mImage: GitHub avatar[0m   
 Christian        â”‚ Product          â”‚ [38;5;35;1m@meowgorithm[0m    â”‚ [38;5;243mImage: GitHub avatar[0m   
 Rapha            â”‚ Intern           â”‚ [38;5;35;1m@raphamorim[0m     â”‚ [38;5;243mImage: GitHub avatar[0m   
                                                                                
[38;5;35;1m[0m[38;5;35;1m@andreynering[0m [38;5;30;4mhttps://github.com/andreynering[0m                                   
[38;5;35;1m[0m[38;5;35;1m@aymanbagabas[0m [38;5;30;4mhttps://github.com/aymanbagabas[0m                                   
[38;5;35;1m[0m[38;5;35;1m@bashbunni[0m [38;5;30;4mhttps://github.com/bashbunni[0m                                         
[38;5;35;1m[0m[38;5;35;1m@caarlos0[0m [38;5;30;4mhttps://github.com/caarlos0[0m                                           
[38;5;35;1m[0m[38;5;35;1m@meowgorithm[0m [38;5;30;4mhttps://github.com/meowgorithm[0m                                     
[38;5;35;1m[0m[38;5;35;1m@raphamorim[0m [38;5;30;4mhttps://github.com/raphamorim[0m                                       
                                                                                
[38;5;243m[0m[38;5;243mImage: GitHub avatar[1] â†’[0m [38;5;212;4mhttps://github.com/andreynering.png[0m                   
[38;5;243m[0m[38;5;243mImage: GitHub avatar[2] â†’[0m [38;5;212;4mhttps://github.com/aymanbagabas.png[0m                   
[38;5;243m[0m[38;5;243mImage: GitHub avatar[3] â†’[0m [38;5;212;4mhttps://github.com/bashbunni.png[0m                      
[38;5;243m[0m[38;5;243mImage: GitHub avatar[4] â†’[0m [38;5;212;4mhttps://github.com/caarlos0.png[0m                       
[38;5;243m[0m[38;5;243mImage: GitHub avatar[5] â†’[0m [38;5;212;4mhttps://github.com/meowgorithm.png[0m                    
[38;5;243m[0m[38;5;243mImage: GitHub avatar[6] â†’[0m [38;5;212;4mhttps://github.com/raphamorim.png[0m                     
