
    
[38;5;39m[0m[38;5;252m[0m    [38;5;252m [0m[38;5;252m [0m[38;5;252m [0m[38;5;252m [0m[38;5;39m[Mount][0m[38;5;251m[0m
[0m[38;5;104m[0m[38;5;252m[0m    [38;5;252m [0m[38;5;252m [0m[38;5;252m [0m[38;5;252m [0m[38;5;104mOptions[0m[38;5;210m=[0m[38;5;173mreconnect,ServerAliveInterval=15,ServerAliveCountMax=3,noauto,[0m
[0m    [38;5;173m_netdev,allow_other,uid=1000,gid=1000,IdentityFile=/PATH/TO/SSH-KEY/id_rsa,[0m
[0m    [38;5;173mStrictHostKeyChecking=no[0m[38;5;251m[0m
[0m
