
  [38;5;252m [0m[38;5;252m [0m[38;5;252m [0m[38;5;252m [0m[38;5;252m [0m[38;5;252m [0m[38;5;252m [0m[38;5;252m [0m[38;5;252m [0m[38;5;252m [0m[38;5;252m [0m[38;5;252m [0m[38;5;252m [0m[38;5;252m [0m[38;5;252m [0m[38;5;252m [0m[38;5;252m [0m[38;5;252m [0m[38;5;252m [0m[38;5;252m [0m[38;5;252m [0m[38;5;252m [0m[38;5;252m [0m[38;5;252m [0m[38;5;252m [0m[38;5;252m [0m[38;5;252m [0m[38;5;252m [0m[38;5;252m [0m[38;5;252m [0m[38;5;252m [0m[38;5;252m [0m[38;5;252m [0m[38;5;252m [0m[38;5;252m [0m[38;5;252m [0m[38;5;252m [0m[38;5;252m [0m[38;5;252m [0m[38;5;252m [0m[38;5;252m [0m[38;5;252m [0m[38;5;252m [0m[38;5;252m [0m[38;5;252m [0m[38;5;252m [0m[38;5;252m [0m[38;5;252m [0m[38;5;252m [0m[38;5;252m [0m[38;5;252m [0m[38;5;252m [0m[38;5;252m [0m[38;5;252m [0m[38;5;252m [0m[38;5;252m [0m[38;5;252m [0m[38;5;252m [0m[38;5;252m [0m[38;5;252m [0m[38;5;252m [0m[38;5;252m [0m[38;5;252m [0m[38;5;252m [0m[38;5;252m [0m[38;5;252m [0m[38;5;252m [0m[38;5;252m [0m[38;5;252m [0m[38;5;252m [0m[38;5;252m [0m[38;5;252m [0m[38;5;252m [0m[38;5;252m [0m[38;5;252m [0m[38;5;252m [0m[38;5;252m [0m[38;5;252m [0m
[38;5;252m[0m  [38;5;252mcmd[0m                                  â”‚[38;5;252mdescr[0m                                   
  â”€â”€â”€â”€â”€â”€â”€â”€â”€â”€â”€â”€â”€â”€â”€â”€â”€â”€â”€â”€â”€â”€â”€â”€â”€â”€â”€â”€â”€â”€â”€â”€â”€â”€â”€â”€â”€â”¼â”€â”€â”€â”€â”€â”€â”€â”€â”€â”€â”€â”€â”€â”€â”€â”€â”€â”€â”€â”€â”€â”€â”€â”€â”€â”€â”€â”€â”€â”€â”€â”€â”€â”€â”€â”€â”€â”€â”€â”€
[38;5;252m[38;5;203;48;5;236m[0m  [38;5;252m[38;5;203;48;5;236m glow config [0m[0m                        â”‚[38;5;252mopen glow[0m[38;5;252m config[0m                        

