
[38;5;35;1m[0m[38;5;35;1m[0m    [38;5;35;1ma[0m[38;5;252m [0m[38;5;30;4mhttp://example.com/with-a-big-path/likely-to-use-more-than-one-line?why-[0m
[0m    [38;5;30;4mnot=after-all-[0m
[0m[38;5;30;4m[0m    [38;5;30;4mwhy-not-use-queryparams-too&abc=123[0m

