
    
[38;5;252m[0m[38;5;252m[0m[38;5;252m[0m    [38;5;252mâ”‚ [0m[38;5;252mThe quick brown fox jumps over the lazy dog. The quick brown fox jumps[0m
[0m    [38;5;252mover[0m
[0m[38;5;252m[0m[38;5;252m[0m    [38;5;252mâ”‚ [0m[38;5;252mthe lazy dog. The quick brown fox jumps over the lazy dog. The quick brown[0m
[0m[38;5;252m[0m[38;5;252m[0m    [38;5;252mâ”‚ [0m[38;5;252mfox jumps over the lazy[0m[38;5;252m dog.[0m

