
    
[38;5;252m[0m[38;5;252m[0m    [38;5;252mâ€¢ [0m[38;5;35;1mtest@example.com[0m[38;5;252m [0m[38;5;30;4mmailto:test@example.com[0m
[38;5;252m[0m[38;5;252m[0m    [38;5;252mâ€¢ [0m[38;5;35;1mhttps://google.com[0m[38;5;252m [0m[38;5;30;4mhttps://google.com[0m
[38;5;252m[0m[38;5;252m[0m    [38;5;252mâ€¢ [0m[38;5;35;1mhttps://google.com[0m[38;5;252m [0m[38;5;30;4mhttps://google.com[0m

