
  [38;5;252m [0m[38;5;252m [0m[38;5;252m [0m[38;5;252m [0m[38;5;252m [0m[38;5;252m [0m[38;5;252m [0m[38;5;252m [0m[38;5;252m [0m[38;5;252m [0m[38;5;252m [0m[38;5;252m [0m[38;5;252m [0m[38;5;252m [0m[38;5;252m [0m[38;5;252m [0m[38;5;252m [0m[38;5;252m [0m[38;5;252m [0m[38;5;252m [0m[38;5;252m [0m[38;5;252m [0m[38;5;252m [0m[38;5;252m [0m[38;5;252m [0m[38;5;252m [0m[38;5;252m [0m[38;5;252m [0m[38;5;252m [0m[38;5;252m [0m[38;5;252m [0m[38;5;252m [0m[38;5;252m [0m[38;5;252m [0m[38;5;252m [0m[38;5;252m [0m[38;5;252m [0m[38;5;252m [0m[38;5;252m [0m[38;5;252m [0m[38;5;252m [0m[38;5;252m [0m[38;5;252m [0m[38;5;252m [0m[38;5;252m [0m[38;5;252m [0m[38;5;252m [0m[38;5;252m [0m[38;5;252m [0m[38;5;252m [0m[38;5;252m [0m[38;5;252m [0m[38;5;252m [0m[38;5;252m [0m[38;5;252m [0m[38;5;252m [0m[38;5;252m [0m[38;5;252m [0m[38;5;252m [0m[38;5;252m [0m[38;5;252m [0m[38;5;252m [0m[38;5;252m [0m[38;5;252m [0m[38;5;252m [0m[38;5;252m [0m[38;5;252m [0m[38;5;252m [0m[38;5;252m [0m[38;5;252m [0m[38;5;252m [0m[38;5;252m [0m[38;5;252m [0m[38;5;252m [0m[38;5;252m [0m[38;5;252m [0m[38;5;252m [0m[38;5;252m [0m
[38;5;252m[0m  [38;5;252mExpression[0m                                 â”‚[38;5;252mValue[0m            â”‚[38;5;252mType[0m            
  â”€â”€â”€â”€â”€â”€â”€â”€â”€â”€â”€â”€â”€â”€â”€â”€â”€â”€â”€â”€â”€â”€â”€â”€â”€â”€â”€â”€â”€â”€â”€â”€â”€â”€â”€â”€â”€â”€â”€â”€â”€â”€â”€â”¼â”€â”€â”€â”€â”€â”€â”€â”€â”€â”€â”€â”€â”€â”€â”€â”€â”€â”¼â”€â”€â”€â”€â”€â”€â”€â”€â”€â”€â”€â”€â”€â”€â”€â”€
[38;5;252m[38;5;203;48;5;236m[0m  [38;5;252m[38;5;203;48;5;236m (1 >= 26) || (12 >= 6) [0m[0m[38;5;252m{.java}[0m            â”‚[38;5;252ms[0m                â”‚[38;5;252ma[0m               

