
[38;5;252m[0m[38;5;252m[0m  [38;5;252mIf you want to make a more significant change, please first [0m[38;5;35;1mopen[0m[38;5;35;1m an [0m[38;5;35;1missue[0m[38;5;252m[38;5;252m [0m[38;5;252m [0m[38;5;252m [0m[38;5;252m [0m[38;5;252m [0m[0m
[0m[38;5;30;4m[0m[38;5;30;4m[0m  [38;5;30;4mhttps://github.com/twpayne/chezmoi/issues/new[0m[38;5;252m to discuss the change[0m[38;5;252m that [0m[38;5;252myou[38;5;252m [0m[38;5;252m [0m[0m
[0m[38;5;252m[0m  [38;5;252mwant to make. Dave Cheney gives a [0m[38;5;35;1mgood [0m[38;5;35;1mrationale[0m[38;5;252m[38;5;252m [0m[38;5;252m [0m[38;5;252m [0m[38;5;252m [0m[38;5;252m [0m[38;5;252m [0m[38;5;252m [0m[38;5;252m [0m[38;5;252m [0m[38;5;252m [0m[38;5;252m [0m[38;5;252m [0m[38;5;252m [0m[38;5;252m [0m[38;5;252m [0m[38;5;252m [0m[38;5;252m [0m[38;5;252m [0m[38;5;252m [0m[38;5;252m [0m[38;5;252m [0m[38;5;252m [0m[38;5;252m [0m[38;5;252m [0m[38;5;252m [0m[38;5;252m [0m[38;5;252m [0m[38;5;252m [0m[38;5;252m [0m[38;5;252m [0m[0m
[0m[38;5;30;4m[0m[38;5;30;4m[0m  [38;5;30;4mhttps://dave.cheney.net/2019/02/18/talk-then-code[0m[38;5;252m as to why this[0m[38;5;252m is [0m[38;5;252mimportant.[0m

