
  [38;5;252m [0m[38;5;252m [0m[38;5;252m [0m[38;5;252m [0m[38;5;252m [0m[38;5;252m [0m[38;5;252m [0m[38;5;252m [0m[38;5;252m [0m[38;5;252m [0m[38;5;252m [0m[38;5;252m [0m[38;5;252m [0m[38;5;252m [0m[38;5;252m [0m[38;5;252m [0m[38;5;252m [0m[38;5;252m [0m[38;5;252m [0m[38;5;252m [0m[38;5;252m [0m[38;5;252m [0m[38;5;252m [0m[38;5;252m [0m[38;5;252m [0m[38;5;252m [0m[38;5;252m [0m[38;5;252m [0m[38;5;252m [0m[38;5;252m [0m[38;5;252m [0m[38;5;252m [0m[38;5;252m [0m[38;5;252m [0m[38;5;252m [0m[38;5;252m [0m[38;5;252m [0m[38;5;252m [0m[38;5;252m [0m[38;5;252m [0m[38;5;252m [0m[38;5;252m [0m[38;5;252m [0m[38;5;252m [0m[38;5;252m [0m[38;5;252m [0m[38;5;252m [0m[38;5;252m [0m[38;5;252m [0m[38;5;252m [0m[38;5;252m [0m[38;5;252m [0m[38;5;252m [0m[38;5;252m [0m[38;5;252m [0m[38;5;252m [0m[38;5;252m [0m[38;5;252m [0m[38;5;252m [0m[38;5;252m [0m[38;5;252m [0m[38;5;252m [0m[38;5;252m [0m[38;5;252m [0m[38;5;252m [0m[38;5;252m [0m[38;5;252m [0m[38;5;252m [0m[38;5;252m [0m[38;5;252m [0m[38;5;252m [0m[38;5;252m [0m[38;5;252m [0m[38;5;252m [0m[38;5;252m [0m[38;5;252m [0m
[38;5;252m[0m[38;5;252m[0m  [38;5;252mâ€¢ [0m[38;5;35;1mGetting started[0m[38;5;252m [0m[38;5;252m [0m[38;5;252m [0m[38;5;252m [0m[38;5;252m [0m[38;5;252m [0m[38;5;252m [0m[38;5;252m [0m[38;5;252m [0m[38;5;252m [0m[38;5;252m [0m[38;5;252m [0m[38;5;252m [0m[38;5;252m [0m[38;5;252m [0m[38;5;252m [0m[38;5;252m [0m[38;5;252m [0m[38;5;252m [0m[38;5;252m [0m[38;5;252m [0m[38;5;252m [0m[38;5;252m [0m[38;5;252m [0m[38;5;252m [0m[38;5;252m [0m[38;5;252m [0m[38;5;252m [0m[38;5;252m [0m[38;5;252m [0m[38;5;252m [0m[38;5;252m [0m[38;5;252m [0m[38;5;252m [0m[38;5;252m [0m[38;5;252m [0m[38;5;252m [0m[38;5;252m [0m[38;5;252m [0m[38;5;252m [0m[38;5;252m [0m[38;5;252m [0m[38;5;252m [0m[38;5;252m [0m[38;5;252m [0m[38;5;252m [0m[38;5;252m [0m[38;5;252m [0m[38;5;252m [0m[38;5;252m [0m[38;5;252m [0m[38;5;252m [0m[38;5;252m [0m[38;5;252m [0m[38;5;252m [0m[38;5;252m [0m[38;5;252m [0m[38;5;252m [0m[38;5;252m [0m
[38;5;252m[0m[38;5;252m[0m  [38;5;252mâ€¢ [0m[38;5;35;1mDeveloping locally[0m[38;5;252m [0m[38;5;252m [0m[38;5;252m [0m[38;5;252m [0m[38;5;252m [0m[38;5;252m [0m[38;5;252m [0m[38;5;252m [0m[38;5;252m [0m[38;5;252m [0m[38;5;252m [0m[38;5;252m [0m[38;5;252m [0m[38;5;252m [0m[38;5;252m [0m[38;5;252m [0m[38;5;252m [0m[38;5;252m [0m[38;5;252m [0m[38;5;252m [0m[38;5;252m [0m[38;5;252m [0m[38;5;252m [0m[38;5;252m [0m[38;5;252m [0m[38;5;252m [0m[38;5;252m [0m[38;5;252m [0m[38;5;252m [0m[38;5;252m [0m[38;5;252m [0m[38;5;252m [0m[38;5;252m [0m[38;5;252m [0m[38;5;252m [0m[38;5;252m [0m[38;5;252m [0m[38;5;252m [0m[38;5;252m [0m[38;5;252m [0m[38;5;252m [0m[38;5;252m [0m[38;5;252m [0m[38;5;252m [0m[38;5;252m [0m[38;5;252m [0m[38;5;252m [0m[38;5;252m [0m[38;5;252m [0m[38;5;252m [0m[38;5;252m [0m[38;5;252m [0m[38;5;252m [0m[38;5;252m [0m[38;5;252m [0m[38;5;252m [0m
[38;5;252m[0m[38;5;252m[0m  [38;5;252mâ€¢ [0m[38;5;35;1mDocumentation changes[0m[38;5;252m [0m[38;5;252m [0m[38;5;252m [0m[38;5;252m [0m[38;5;252m [0m[38;5;252m [0m[38;5;252m [0m[38;5;252m [0m[38;5;252m [0m[38;5;252m [0m[38;5;252m [0m[38;5;252m [0m[38;5;252m [0m[38;5;252m [0m[38;5;252m [0m[38;5;252m [0m[38;5;252m [0m[38;5;252m [0m[38;5;252m [0m[38;5;252m [0m[38;5;252m [0m[38;5;252m [0m[38;5;252m [0m[38;5;252m [0m[38;5;252m [0m[38;5;252m [0m[38;5;252m [0m[38;5;252m [0m[38;5;252m [0m[38;5;252m [0m[38;5;252m [0m[38;5;252m [0m[38;5;252m [0m[38;5;252m [0m[38;5;252m [0m[38;5;252m [0m[38;5;252m [0m[38;5;252m [0m[38;5;252m [0m[38;5;252m [0m[38;5;252m [0m[38;5;252m [0m[38;5;252m [0m[38;5;252m [0m[38;5;252m [0m[38;5;252m [0m[38;5;252m [0m[38;5;252m [0m[38;5;252m [0m[38;5;252m [0m[38;5;252m [0m[38;5;252m [0m[38;5;252m [0m
[38;5;252m[0m[38;5;252m[0m  [38;5;252mâ€¢ [0m[38;5;35;1mContributing changes[0m[38;5;252m [0m[38;5;252m [0m[38;5;252m [0m[38;5;252m [0m[38;5;252m [0m[38;5;252m [0m[38;5;252m [0m[38;5;252m [0m[38;5;252m [0m[38;5;252m [0m[38;5;252m [0m[38;5;252m [0m[38;5;252m [0m[38;5;252m [0m[38;5;252m [0m[38;5;252m [0m[38;5;252m [0m[38;5;252m [0m[38;5;252m [0m[38;5;252m [0m[38;5;252m [0m[38;5;252m [0m[38;5;252m [0m[38;5;252m [0m[38;5;252m [0m[38;5;252m [0m[38;5;252m [0m[38;5;252m [0m[38;5;252m [0m[38;5;252m [0m[38;5;252m [0m[38;5;252m [0m[38;5;252m [0m[38;5;252m [0m[38;5;252m [0m[38;5;252m [0m[38;5;252m [0m[38;5;252m [0m[38;5;252m [0m[38;5;252m [0m[38;5;252m [0m[38;5;252m [0m[38;5;252m [0m[38;5;252m [0m[38;5;252m [0m[38;5;252m [0m[38;5;252m [0m[38;5;252m [0m[38;5;252m [0m[38;5;252m [0m[38;5;252m [0m[38;5;252m [0m[38;5;252m [0m[38;5;252m [0m
[38;5;252m[0m[38;5;252m[0m  [38;5;252mâ€¢ [0m[38;5;35;1mManaging releases[0m[38;5;252m [0m[38;5;252m [0m[38;5;252m [0m[38;5;252m [0m[38;5;252m [0m[38;5;252m [0m[38;5;252m [0m[38;5;252m [0m[38;5;252m [0m[38;5;252m [0m[38;5;252m [0m[38;5;252m [0m[38;5;252m [0m[38;5;252m [0m[38;5;252m [0m[38;5;252m [0m[38;5;252m [0m[38;5;252m [0m[38;5;252m [0m[38;5;252m [0m[38;5;252m [0m[38;5;252m [0m[38;5;252m [0m[38;5;252m [0m[38;5;252m [0m[38;5;252m [0m[38;5;252m [0m[38;5;252m [0m[38;5;252m [0m[38;5;252m [0m[38;5;252m [0m[38;5;252m [0m[38;5;252m [0m[38;5;252m [0m[38;5;252m [0m[38;5;252m [0m[38;5;252m [0m[38;5;252m [0m[38;5;252m [0m[38;5;252m [0m[38;5;252m [0m[38;5;252m [0m[38;5;252m [0m[38;5;252m [0m[38;5;252m [0m[38;5;252m [0m[38;5;252m [0m[38;5;252m [0m[38;5;252m [0m[38;5;252m [0m[38;5;252m [0m[38;5;252m [0m[38;5;252m [0m[38;5;252m [0m[38;5;252m [0m[38;5;252m [0m[38;5;252m [0m
[38;5;252m[0m[38;5;252m[0m  [38;5;252mâ€¢ [0m[38;5;35;1mPackaging[0m[38;5;252m [0m[38;5;252m [0m[38;5;252m [0m[38;5;252m [0m[38;5;252m [0m[38;5;252m [0m[38;5;252m [0m[38;5;252m [0m[38;5;252m [0m[38;5;252m [0m[38;5;252m [0m[38;5;252m [0m[38;5;252m [0m[38;5;252m [0m[38;5;252m [0m[38;5;252m [0m[38;5;252m [0m[38;5;252m [0m[38;5;252m [0m[38;5;252m [0m[38;5;252m [0m[38;5;252m [0m[38;5;252m [0m[38;5;252m [0m[38;5;252m [0m[38;5;252m [0m[38;5;252m [0m[38;5;252m [0m[38;5;252m [0m[38;5;252m [0m[38;5;252m [0m[38;5;252m [0m[38;5;252m [0m[38;5;252m [0m[38;5;252m [0m[38;5;252m [0m[38;5;252m [0m[38;5;252m [0m[38;5;252m [0m[38;5;252m [0m[38;5;252m [0m[38;5;252m [0m[38;5;252m [0m[38;5;252m [0m[38;5;252m [0m[38;5;252m [0m[38;5;252m [0m[38;5;252m [0m[38;5;252m [0m[38;5;252m [0m[38;5;252m [0m[38;5;252m [0m[38;5;252m [0m[38;5;252m [0m[38;5;252m [0m[38;5;252m [0m[38;5;252m [0m[38;5;252m [0m[38;5;252m [0m[38;5;252m [0m[38;5;252m [0m[38;5;252m [0m[38;5;252m [0m[38;5;252m [0m[38;5;252m [0m
[38;5;252m[0m[38;5;252m[0m  [38;5;252mâ€¢ [0m[38;5;35;1mUpdating the website[0m[38;5;252m [0m[38;5;252m [0m[38;5;252m [0m[38;5;252m [0m[38;5;252m [0m[38;5;252m [0m[38;5;252m [0m[38;5;252m [0m[38;5;252m [0m[38;5;252m [0m[38;5;252m [0m[38;5;252m [0m[38;5;252m [0m[38;5;252m [0m[38;5;252m [0m[38;5;252m [0m[38;5;252m [0m[38;5;252m [0m[38;5;252m [0m[38;5;252m [0m[38;5;252m [0m[38;5;252m [0m[38;5;252m [0m[38;5;252m [0m[38;5;252m [0m[38;5;252m [0m[38;5;252m [0m[38;5;252m [0m[38;5;252m [0m[38;5;252m [0m[38;5;252m [0m[38;5;252m [0m[38;5;252m [0m[38;5;252m [0m[38;5;252m [0m[38;5;252m [0m[38;5;252m [0m[38;5;252m [0m[38;5;252m [0m[38;5;252m [0m[38;5;252m [0m[38;5;252m [0m[38;5;252m [0m[38;5;252m [0m[38;5;252m [0m[38;5;252m [0m[38;5;252m [0m[38;5;252m [0m[38;5;252m [0m[38;5;252m [0m[38;5;252m [0m[38;5;252m [0m[38;5;252m [0m[38;5;252m [0m

