
  [38;5;252m [0m[38;5;252m [0m[38;5;252m [0m[38;5;252m [0m[38;5;252m [0m[38;5;252m [0m[38;5;252m [0m[38;5;252m [0m[38;5;252m [0m[38;5;252m [0m[38;5;252m [0m[38;5;252m [0m[38;5;252m [0m[38;5;252m [0m[38;5;252m [0m[38;5;252m [0m[38;5;252m [0m[38;5;252m [0m[38;5;252m [0m[38;5;252m [0m[38;5;252m [0m[38;5;252m [0m[38;5;252m [0m[38;5;252m [0m[38;5;252m [0m[38;5;252m [0m[38;5;252m [0m[38;5;252m [0m[38;5;252m [0m[38;5;252m [0m[38;5;252m [0m[38;5;252m [0m[38;5;252m [0m[38;5;252m [0m[38;5;252m [0m[38;5;252m [0m[38;5;252m [0m[38;5;252m [0m[38;5;252m [0m[38;5;252m [0m[38;5;252m [0m[38;5;252m [0m[38;5;252m [0m[38;5;252m [0m[38;5;252m [0m[38;5;252m [0m[38;5;252m [0m[38;5;252m [0m[38;5;252m [0m[38;5;252m [0m[38;5;252m [0m[38;5;252m [0m[38;5;252m [0m[38;5;252m [0m[38;5;252m [0m[38;5;252m [0m[38;5;252m [0m[38;5;252m [0m[38;5;252m [0m[38;5;252m [0m[38;5;252m [0m[38;5;252m [0m[38;5;252m [0m[38;5;252m [0m[38;5;252m [0m[38;5;252m [0m[38;5;252m [0m[38;5;252m [0m[38;5;252m [0m[38;5;252m [0m[38;5;252m [0m[38;5;252m [0m[38;5;252m [0m[38;5;252m [0m[38;5;252m [0m[38;5;252m [0m[38;5;252m [0m[38;5;252m [0m[38;5;252m [0m[38;5;252m [0m
[38;5;252m[0m  [38;5;252mLibrary[0m                                                        â”‚[38;5;252mVersion[0m         
  â”€â”€â”€â”€â”€â”€â”€â”€â”€â”€â”€â”€â”€â”€â”€â”€â”€â”€â”€â”€â”€â”€â”€â”€â”€â”€â”€â”€â”€â”€â”€â”€â”€â”€â”€â”€â”€â”€â”€â”€â”€â”€â”€â”€â”€â”€â”€â”€â”€â”€â”€â”€â”€â”€â”€â”€â”€â”€â”€â”€â”€â”€â”€â”¼â”€â”€â”€â”€â”€â”€â”€â”€â”€â”€â”€â”€â”€â”€â”€â”€
[38;5;252m[38;5;35;1m[0m  [38;5;252m[38;5;35;1mESMF[0m[38;5;252m [0m[38;5;30;4mhttps://github.com/esmf-org/esmf[0m[0m                          â”‚[38;5;252mv8.6.1[0m          
[38;5;252m[38;5;35;1m[0m  [38;5;252m[38;5;35;1mFMS[0m[38;5;252m [0m[38;5;30;4mhttps://github.com/NOAA-GFDL/FMS/[0m[0m                          â”‚[38;5;252m2024.01.02[0m      
[38;5;252m[38;5;35;1m[0m  [38;5;252m[38;5;35;1mnetCDF[0m[38;5;252m [0m[38;5;30;4mhttps://github.com/Unidata/netcdf-c[0m[0m                     â”‚[38;5;252m4.9.2[0m           
[38;5;252m[38;5;35;1m[0m  [38;5;252m[38;5;35;1mnetCDF Fortran[0m[38;5;252m [0m[38;5;30;4mhttps://github.com/Unidata/netcdf-fortran[0m[0m       â”‚[38;5;252m4.6.1[0m           
[38;5;252m[38;5;35;1m[0m  [38;5;252m[38;5;35;1mnetCDF C++[0m[38;5;252m [0m[38;5;30;4mhttps://github.com/Unidata/netcdf-cxx4[0m[0m              â”‚[38;5;252m4.3.1[0m           
[38;5;252m[38;5;35;1m[0m  [38;5;252m[38;5;35;1mHDF5[0m[38;5;252m [0m[38;5;30;4mhttps://portal.hdfgroup.org/display/support[0m[0m               â”‚[38;5;252m1.10.11[0m         
[38;5;252m[38;5;35;1m[0m  [38;5;252m[38;5;35;1mHDF4[0m[38;5;252m [0m[38;5;30;4mhttps://portal.hdfgroup.org/display/support[0m[0m               â”‚[38;5;252m4.2.16-2[0m        
[38;5;252m[38;5;35;1m[0m  [38;5;252m[38;5;35;1mGFE[0m[38;5;252m [0m[38;5;30;4mhttps://github.com/Goddard-Fortran-Ecosystem/GFE[0m[0m           â”‚[38;5;252mv1.16.0[0m         
[38;5;252m[38;5;35;1m[0m  [38;5;252m[38;5;35;1mxgboost[0m[38;5;252m [0m[38;5;30;4mhttps://github.com/dmlc/xgboost[0m[0m                        â”‚[38;5;252mv1.6.0[0m          
[38;5;252m[38;5;35;1m[0m  [38;5;252m[38;5;35;1mlibyaml[0m[38;5;252m [0m[38;5;30;4mhttps://github.com/yaml/libyaml.git[0m[0m                    â”‚[38;5;252m0.2.5[0m           
[38;5;252m[38;5;35;1m[0m  [38;5;252m[38;5;35;1mantlr2[0m[38;5;252m [0m[38;5;30;4mhttps://www.antlr2.org/[0m[0m                                 â”‚[38;5;252m2.7.7[0m           
[38;5;252m[38;5;35;1m[0m  [38;5;252m[38;5;35;1mGSL[0m[38;5;252m [0m[38;5;30;4mhttps://www.gnu.org/software/gsl/[0m[0m                          â”‚[38;5;252m2.7[0m             
[38;5;252m[38;5;35;1m[0m  [38;5;252m[38;5;35;1mjpeg[0m[38;5;252m [0m[38;5;30;4mhttp://www.ijg.org/[0m[0m                                       â”‚[38;5;252m9e[0m              
[38;5;252m[38;5;35;1m[0m  [38;5;252m[38;5;35;1mzlib[0m[38;5;252m [0m[38;5;30;4mhttp://www.zlib.net/[0m[0m                                      â”‚[38;5;252m1.3.1[0m           
[38;5;252m[38;5;35;1m[0m  [38;5;252m[38;5;35;1mszip[0m[38;5;252m [0m[38;5;30;4mhttps://support.hdfgroup.org/doc_resource/SZIP/[0m[0m           â”‚[38;5;252m2.1.1[0m           
[38;5;252m[38;5;35;1m[0m  [38;5;252m[38;5;35;1mcURL[0m[38;5;252m [0m[38;5;30;4mhttps://curl.haxx.se/[0m[0m                                     â”‚[38;5;252m8.8.0[0m           
[38;5;252m[38;5;35;1m[0m  [38;5;252m[38;5;35;1mUDUNITS2[0m[38;5;252m [0m[38;5;30;4mhttps://github.com/GMAO-SI-Team/UDUNITS-2.git[0m[0m         â”‚[38;5;252m2.2.28[0m          
[38;5;252m[38;5;35;1m[0m  [38;5;252m[38;5;35;1mNCO[0m[38;5;252m [0m[38;5;30;4mhttp://nco.sourceforge.net/[0m[0m                                â”‚[38;5;252m5.2.6[0m           
[38;5;252m[38;5;35;1m[0m  [38;5;252m[38;5;35;1mCDO[0m[38;5;252m [0m[38;5;30;4mhttps://code.mpimet.mpg.de/projects/cdo[0m[0m                    â”‚[38;5;252m2.3.0[0m           
[38;5;252m[38;5;35;1m[0m  [38;5;252m[38;5;35;1mnccmp[0m[38;5;252m [0m[38;5;30;4mhttps://gitlab.com/remikz/nccmp[0m[0m                          â”‚[38;5;252m1.9.1.0[0m         
[38;5;252m[38;5;35;1m[0m  [38;5;252m[38;5;35;1mHDF-EOS2[0m[38;5;252m [0m[38;5;30;4mhttps://wiki.earthdata.nasa.gov/display/DAS[0m[0m           â”‚[38;5;252m3.0[0m             
[38;5;252m[38;5;35;1m[0m  [38;5;252m[38;5;35;1mHDF-EOS5[0m[38;5;252m [0m[38;5;30;4mhttps://wiki.earthdata.nasa.gov/display/DAS[0m[0m           â”‚[38;5;252m2.0[0m             
[38;5;252m[38;5;35;1m[0m  [38;5;252m[38;5;35;1mSDP Toolkit[0m[38;5;252m [0m[38;5;30;4mhttps://wiki.earthdata.nasa.gov/display/DAS[0m[0m        â”‚[38;5;252m5.2.20[0m          

