
[38;5;228;48;5;63;1m[0m[38;5;228;48;5;63;1m[0m  [38;5;228;48;5;63;1m [0m[38;5;228;48;5;63;1mEVERYTHING IS[0m[38;5;228;48;5;63;1m UPPERCASE[0m[38;5;228;48;5;63;1m [0m[38;5;252m[38;5;252m [0m[38;5;252m [0m[38;5;252m [0m[38;5;252m [0m[38;5;252m [0m[38;5;252m [0m[38;5;252m [0m[38;5;252m [0m[38;5;252m [0m[38;5;252m [0m[38;5;252m [0m[38;5;252m [0m[38;5;252m [0m[38;5;252m [0m[38;5;252m [0m[38;5;252m [0m[38;5;252m [0m[38;5;252m [0m[38;5;252m [0m[38;5;252m [0m[38;5;252m [0m[38;5;252m [0m[38;5;252m [0m[38;5;252m [0m[38;5;252m [0m[38;5;252m [0m[38;5;252m [0m[38;5;252m [0m[38;5;252m [0m[38;5;252m [0m[38;5;252m [0m[38;5;252m [0m[38;5;252m [0m[38;5;252m [0m[38;5;252m [0m[38;5;252m [0m[38;5;252m [0m[38;5;252m [0m[38;5;252m [0m[38;5;252m [0m[38;5;252m [0m[38;5;252m [0m[38;5;252m [0m[38;5;252m [0m[38;5;252m [0m[38;5;252m [0m[38;5;252m [0m[38;5;252m [0m[38;5;252m [0m[38;5;252m [0m[38;5;252m [0m[0m
[0m[38;5;252m[0m  [38;5;252m[38;5;252m [0m[38;5;252m [0m[38;5;252m [0m[38;5;252m [0m[38;5;252m [0m[38;5;252m [0m[38;5;252m [0m[38;5;252m [0m[38;5;252m [0m[38;5;252m [0m[38;5;252m [0m[38;5;252m [0m[38;5;252m [0m[38;5;252m [0m[38;5;252m [0m[38;5;252m [0m[38;5;252m [0m[38;5;252m [0m[38;5;252m [0m[38;5;252m [0m[38;5;252m [0m[38;5;252m [0m[38;5;252m [0m[38;5;252m [0m[38;5;252m [0m[38;5;252m [0m[38;5;252m [0m[38;5;252m [0m[38;5;252m [0m[38;5;252m [0m[38;5;252m [0m[38;5;252m [0m[38;5;252m [0m[38;5;252m [0m[38;5;252m [0m[38;5;252m [0m[38;5;252m [0m[38;5;252m [0m[38;5;252m [0m[38;5;252m [0m[38;5;252m [0m[38;5;252m [0m[38;5;252m [0m[38;5;252m [0m[38;5;252m [0m[38;5;252m [0m[38;5;252m [0m[38;5;252m [0m[38;5;252m [0m[38;5;252m [0m[38;5;252m [0m[38;5;252m [0m[38;5;252m [0m[38;5;252m [0m[38;5;252m [0m[38;5;252m [0m[38;5;252m [0m[38;5;252m [0m[38;5;252m [0m[38;5;252m [0m[38;5;252m [0m[38;5;252m [0m[38;5;252m [0m[38;5;252m [0m[38;5;252m [0m[38;5;252m [0m[38;5;252m [0m[38;5;252m [0m[38;5;252m [0m[38;5;252m [0m[38;5;252m [0m[38;5;252m [0m[38;5;252m [0m[38;5;252m [0m[38;5;252m [0m[38;5;252m [0m[0m
[0m[38;5;39;1m[0m[38;5;39;1m[0m  [38;5;39;1m## [0m[38;5;39;1mEverything Is[0m[38;5;39;1m Titled[0m[38;5;252m[38;5;252m [0m[38;5;252m [0m[38;5;252m [0m[38;5;252m [0m[38;5;252m [0m[38;5;252m [0m[38;5;252m [0m[38;5;252m [0m[38;5;252m [0m[38;5;252m [0m[38;5;252m [0m[38;5;252m [0m[38;5;252m [0m[38;5;252m [0m[38;5;252m [0m[38;5;252m [0m[38;5;252m [0m[38;5;252m [0m[38;5;252m [0m[38;5;252m [0m[38;5;252m [0m[38;5;252m [0m[38;5;252m [0m[38;5;252m [0m[38;5;252m [0m[38;5;252m [0m[38;5;252m [0m[38;5;252m [0m[38;5;252m [0m[38;5;252m [0m[38;5;252m [0m[38;5;252m [0m[38;5;252m [0m[38;5;252m [0m[38;5;252m [0m[38;5;252m [0m[38;5;252m [0m[38;5;252m [0m[38;5;252m [0m[38;5;252m [0m[38;5;252m [0m[38;5;252m [0m[38;5;252m [0m[38;5;252m [0m[38;5;252m [0m[38;5;252m [0m[38;5;252m [0m[38;5;252m [0m[38;5;252m [0m[38;5;252m [0m[38;5;252m [0m[38;5;252m [0m[38;5;252m [0m[0m
[0m[38;5;252m[0m  [38;5;252m[38;5;252m [0m[38;5;252m [0m[38;5;252m [0m[38;5;252m [0m[38;5;252m [0m[38;5;252m [0m[38;5;252m [0m[38;5;252m [0m[38;5;252m [0m[38;5;252m [0m[38;5;252m [0m[38;5;252m [0m[38;5;252m [0m[38;5;252m [0m[38;5;252m [0m[38;5;252m [0m[38;5;252m [0m[38;5;252m [0m[38;5;252m [0m[38;5;252m [0m[38;5;252m [0m[38;5;252m [0m[38;5;252m [0m[38;5;252m [0m[38;5;252m [0m[38;5;252m [0m[38;5;252m [0m[38;5;252m [0m[38;5;252m [0m[38;5;252m [0m[38;5;252m [0m[38;5;252m [0m[38;5;252m [0m[38;5;252m [0m[38;5;252m [0m[38;5;252m [0m[38;5;252m [0m[38;5;252m [0m[38;5;252m [0m[38;5;252m [0m[38;5;252m [0m[38;5;252m [0m[38;5;252m [0m[38;5;252m [0m[38;5;252m [0m[38;5;252m [0m[38;5;252m [0m[38;5;252m [0m[38;5;252m [0m[38;5;252m [0m[38;5;252m [0m[38;5;252m [0m[38;5;252m [0m[38;5;252m [0m[38;5;252m [0m[38;5;252m [0m[38;5;252m [0m[38;5;252m [0m[38;5;252m [0m[38;5;252m [0m[38;5;252m [0m[38;5;252m [0m[38;5;252m [0m[38;5;252m [0m[38;5;252m [0m[38;5;252m [0m[38;5;252m [0m[38;5;252m [0m[38;5;252m [0m[38;5;252m [0m[38;5;252m [0m[38;5;252m [0m[38;5;252m [0m[38;5;252m [0m[38;5;252m [0m[38;5;252m [0m[0m
[0m[38;5;39;1m[0m[38;5;39;1m[0m  [38;5;39;1m### [0m[38;5;39;1meverything is[0m[38;5;39;1m lowercase[0m[38;5;252m[38;5;252m [0m[38;5;252m [0m[38;5;252m [0m[38;5;252m [0m[38;5;252m [0m[38;5;252m [0m[38;5;252m [0m[38;5;252m [0m[38;5;252m [0m[38;5;252m [0m[38;5;252m [0m[38;5;252m [0m[38;5;252m [0m[38;5;252m [0m[38;5;252m [0m[38;5;252m [0m[38;5;252m [0m[38;5;252m [0m[38;5;252m [0m[38;5;252m [0m[38;5;252m [0m[38;5;252m [0m[38;5;252m [0m[38;5;252m [0m[38;5;252m [0m[38;5;252m [0m[38;5;252m [0m[38;5;252m [0m[38;5;252m [0m[38;5;252m [0m[38;5;252m [0m[38;5;252m [0m[38;5;252m [0m[38;5;252m [0m[38;5;252m [0m[38;5;252m [0m[38;5;252m [0m[38;5;252m [0m[38;5;252m [0m[38;5;252m [0m[38;5;252m [0m[38;5;252m [0m[38;5;252m [0m[38;5;252m [0m[38;5;252m [0m[38;5;252m [0m[38;5;252m [0m[38;5;252m [0m[38;5;252m [0m[0m
[0m
