Of course. Based on my exploration, this project is a command-line application written  
in                                                                                      
Go. It acts as...                                                                       
